// Jest Snapshot v1, https://goo.gl/fbAQLP

exports[`Pruebas <PrimeraApp/> Validar render de <PrimeraApp/> 1`] = `ShallowWrapper {}`;
